Last login: Tue Feb 28 01:54:15 on ttys000
 GA General Assembly  Web Development Immersive 
------------------------------------------
git version 2.12.0
Homebrew 1.1.10 Homebrew/homebrew-core (git revision 4f95; last commit 2017-02-28)
ruby 2.2.3p173 (2015-08-18 revision 51636) [x86_64-darwin15]
node v7.6.0
psql (PostgreSQL) 9.6.2
------------------------------------------
type unwelcome to remove this message
erikm ~
$ cd Downloads/
erikm ~/Downloads
$ ls
Spectacle+1.2.zip  atom-mac.zip  googlechrome.dmg  kitchen/  kitchen.zip
erikm ~/Downloads
$ mv kitchen/ code
'kitchen/' -> 'code'
erikm ~/Downloads
$ ls
Spectacle+1.2.zip  atom-mac.zip  code/	googlechrome.dmg  kitchen.zip
erikm ~/Downloads
$ cd
erikm ~
$ cd cod
-bash: cd: cod: No such file or directory
erikm ~
$ cd code
erikm ~/code
$ ls
wdi/
erikm ~/code
$ open code
The file /Users/erikm/code/code does not exist.
erikm ~/code
$ cd
erikm ~
$ ls
2	       Desktop/    Downloads/  Movies/	Pictures/  code/
Applications/  Documents/  Library/    Music/	Public/
erikm ~
$ open code
erikm ~
$ cd code
erikm ~/code
$ ls
wdi/
erikm ~/code
$ cd wdi
erikm ~/code/wdi
$ ls
wdi-atx-10/
erikm ~/code/wdi
$ homwork
-bash: homwork: command not found
erikm ~/code/wdi
$ homework
erikm ~/code/wdi/wdi-atx-10/homework
$ ls
kitchen/
erikm ~/code/wdi/wdi-atx-10/homework
$ cd kitchen/
erikm ~/code/wdi/wdi-atx-10/homework/kitchen
$ rm cans.txt
removed 'cans.txt'
erikm ~/code/wdi/wdi-atx-10/homework/kitchen
$ ls
fridge/  pantry/
erikm ~/code/wdi/wdi-atx-10/homework/kitchen
$ mkdir sink
gmkdir: created directory 'sink'
erikm ~/code/wdi/wdi-atx-10/homework/kitchen
$ mkdir trashcan
gmkdir: created directory 'trashcan'
erikm ~/code/wdi/wdi-atx-10/homework/kitchen
$ ls
fridge/  pantry/  sink/  trashcan/
erikm ~/code/wdi/wdi-atx-10/homework/kitchen
$ cd fridge/
erikm ~/code/wdi/wdi-atx-10/homework/kitchen/fridge
$ ls
diapers.txt  freezer/  milk.txt  trashcan/
erikm ~/code/wdi/wdi-atx-10/homework/kitchen/fridge
$ mkdir crisper-drawer
gmkdir: created directory 'crisper-drawer'
erikm ~/code/wdi/wdi-atx-10/homework/kitchen/fridge
$ ls
crisper-drawer/  diapers.txt  freezer/	milk.txt  trashcan/
erikm ~/code/wdi/wdi-atx-10/homework/kitchen/fridge
$ cd ..
erikm ~/code/wdi/wdi-atx-10/homework/kitchen
$ mv fridge/milk.txt fridge/
gmv: 'fridge/milk.txt' and 'fridge/milk.txt' are the same file
erikm ~/code/wdi/wdi-atx-10/homework/kitchen
$ ls
fridge/  pantry/  sink/  trashcan/
erikm ~/code/wdi/wdi-atx-10/homework/kitchen
$ cd fridge/
erikm ~/code/wdi/wdi-atx-10/homework/kitchen/fridge
$ ls
crisper-drawer/  diapers.txt  freezer/	milk.txt  trashcan/
erikm ~/code/wdi/wdi-atx-10/homework/kitchen/fridge
$ tree
-bash: tree: command not found
erikm ~/code/wdi/wdi-atx-10/homework/kitchen/fridge
$ cd crisper-drawer/
erikm ~/code/wdi/wdi-atx-10/homework/kitchen/fridge/crisper-drawer
$ touch apples.txt lettuce.txt
erikm ~/code/wdi/wdi-atx-10/homework/kitchen/fridge/crisper-drawer
$ ls
apples.txt  lettuce.txt
erikm ~/code/wdi/wdi-atx-10/homework/kitchen/fridge/crisper-drawer
$ cd..
-bash: cd..: command not found
erikm ~/code/wdi/wdi-atx-10/homework/kitchen/fridge/crisper-drawer
$ cd ..
erikm ~/code/wdi/wdi-atx-10/homework/kitchen/fridge
$ cd freezer/
erikm ~/code/wdi/wdi-atx-10/homework/kitchen/fridge/freezer
$ ls
couch.txt  frozenpeas.txt  icecream.txt
erikm ~/code/wdi/wdi-atx-10/homework/kitchen/fridge/freezer
$ rm couch.txt 
removed 'couch.txt'
erikm ~/code/wdi/wdi-atx-10/homework/kitchen/fridge/freezer
$ ls
frozenpeas.txt	icecream.txt
erikm ~/code/wdi/wdi-atx-10/homework/kitchen/fridge/freezer
$ cd ..
erikm ~/code/wdi/wdi-atx-10/homework/kitchen/fridge
$ cs..
-bash: cs..: command not found
erikm ~/code/wdi/wdi-atx-10/homework/kitchen/fridge
$ ls
crisper-drawer/  diapers.txt  freezer/	milk.txt  trashcan/
erikm ~/code/wdi/wdi-atx-10/homework/kitchen/fridge
$ rm milk.txt 
removed 'milk.txt'
erikm ~/code/wdi/wdi-atx-10/homework/kitchen/fridge
$ ls
crisper-drawer/  diapers.txt  freezer/	trashcan/
erikm ~/code/wdi/wdi-atx-10/homework/kitchen/fridge
$ rm diapers.txt 
removed 'diapers.txt'
erikm ~/code/wdi/wdi-atx-10/homework/kitchen/fridge
$ rm -r trashcan/
removed 'trashcan/banana-peels.txt'
removed 'trashcan/chicken-bones.txt'
removed 'trashcan/egg-shells.txt'
removed 'trashcan/sink/clean-dishes.txt'
removed 'trashcan/sink/delete-me.txt'
removed 'trashcan/sink/dirty-dishes.txt'
removed directory 'trashcan/sink'
removed directory 'trashcan/'
erikm ~/code/wdi/wdi-atx-10/homework/kitchen/fridge
$ ls
crisper-drawer/  freezer/
erikm ~/code/wdi/wdi-atx-10/homework/kitchen/fridge
$ touch milk.txt
erikm ~/code/wdi/wdi-atx-10/homework/kitchen/fridge
$ ls
crisper-drawer/  freezer/  milk.txt
erikm ~/code/wdi/wdi-atx-10/homework/kitchen/fridge
$ cd ..
erikm ~/code/wdi/wdi-atx-10/homework/kitchen
$ ls
fridge/  pantry/  sink/  trashcan/
erikm ~/code/wdi/wdi-atx-10/homework/kitchen
$ cd pantry/
erikm ~/code/wdi/wdi-atx-10/homework/kitchen/pantry
$ ls
cans.txt  cereal.txt  crisper-drawer/
erikm ~/code/wdi/wdi-atx-10/homework/kitchen/pantry
$ rm -r crisper-drawer/
removed 'crisper-drawer/lettuce.txt'
removed directory 'crisper-drawer/'
erikm ~/code/wdi/wdi-atx-10/homework/kitchen/pantry
$ ls
cans.txt  cereal.txt
erikm ~/code/wdi/wdi-atx-10/homework/kitchen/pantry
$ cd ..
erikm ~/code/wdi/wdi-atx-10/homework/kitchen
$ cd sink
erikm ~/code/wdi/wdi-atx-10/homework/kitchen/sink
$ ls
erikm ~/code/wdi/wdi-atx-10/homework/kitchen/sink
$ touch dirty-dishes.txt
erikm ~/code/wdi/wdi-atx-10/homework/kitchen/sink
$ mkdir drying-rack
gmkdir: created directory 'drying-rack'
erikm ~/code/wdi/wdi-atx-10/homework/kitchen/sink
$ cd drying-rack/
erikm ~/code/wdi/wdi-atx-10/homework/kitchen/sink/drying-rack
$ touch clean-dishes.txt
erikm ~/code/wdi/wdi-atx-10/homework/kitchen/sink/drying-rack
$ ls
clean-dishes.txt
erikm ~/code/wdi/wdi-atx-10/homework/kitchen/sink/drying-rack
$ cd ..
erikm ~/code/wdi/wdi-atx-10/homework/kitchen/sink
$ ls
dirty-dishes.txt  drying-rack/
erikm ~/code/wdi/wdi-atx-10/homework/kitchen/sink
$ cd ..
erikm ~/code/wdi/wdi-atx-10/homework/kitchen
$ cd trashcan/
erikm ~/code/wdi/wdi-atx-10/homework/kitchen/trashcan
$ ls
erikm ~/code/wdi/wdi-atx-10/homework/kitchen/trashcan
$ touch banana-peels.txt chicken-bones.txt egg-shells.txt
erikm ~/code/wdi/wdi-atx-10/homework/kitchen/trashcan
$ ls
banana-peels.txt  chicken-bones.txt  egg-shells.txt
erikm ~/code/wdi/wdi-atx-10/homework/kitchen/trashcan
$ cd..
-bash: cd..: command not found
erikm ~/code/wdi/wdi-atx-10/homework/kitchen/trashcan
$ cd ..
erikm ~/code/wdi/wdi-atx-10/homework/kitchen
$ ls
fridge/  pantry/  sink/  trashcan/
erikm ~/code/wdi/wdi-atx-10/homework/kitchen
$ 
